########################################################################
============================== a.out t.ttt =========================
### Run  ./a.out 4 3 4 0 ./t.ttt
./a.out : Task = 9 Res1 = -1.000000e+00 Res2 = -1.000000e+00 T1 = 0.00 T2 = 0.00 S = 0 N = 4 M = 3 P = 1
============================== a.out s.txt =========================
### Run  ./a.out 4 3 4 0 ./s.txt
./a.out : Task = 9 Res1 = -1.000000e+00 Res2 = -1.000000e+00 T1 = 0.00 T2 = 0.00 S = 0 N = 4 M = 3 P = 1
============================== a.out g.txt =========================
### Run  ./a.out 6 3 6 0 ./g.txt
./a.out : Task = 9 Res1 = -1.000000e+00 Res2 = -1.000000e+00 T1 = 0.00 T2 = 0.00 S = 0 N = 6 M = 3 P = 1
============================== a.out a.txt =========================
### Run  ./a.out 4 3 4 0 ./a.txt
A:
  5.000e+00  7.000e+00  6.000e+00  5.000e+00
  7.000e+00  1.000e+01  8.000e+00  7.000e+00
  6.000e+00  8.000e+00  1.000e+01  9.000e+00
  5.000e+00  7.000e+00  9.000e+00  1.000e+01

x:
  1.000e+00  8.775e-13  1.000e+00 -2.949e-13

./a.out : Task = 9 Res1 = 4.973799e-14 Res2 = 3.044676e-12 T1 = 0.00 T2 = 0.00 S = 0 N = 4 M = 3 P = 1
============================== a.out a20.txt =========================
### Run  ./a.out 4 3 4 0 ./a20.txt
A:
  5.000e-20  7.000e-20  6.000e-20  5.000e-20
  7.000e-20  1.000e-19  8.000e-20  7.000e-20
  6.000e-20  8.000e-20  1.000e-19  9.000e-20
  5.000e-20  7.000e-20  9.000e-20  1.000e-19

x:
  1.000e+00 -1.447e-13  1.000e+00  5.296e-14

./a.out : Task = 9 Res1 = 1.028622e-14 Res2 = 5.118346e-13 T1 = 0.00 T2 = 0.00 S = 0 N = 4 M = 3 P = 1
============================== a.out a40.txt =========================
### Run  ./a.out 4 3 4 0 ./a40.txt
A:
  5.000e+40  7.000e+40  6.000e+40  5.000e+40
  7.000e+40  1.000e+41  8.000e+40  7.000e+40
  6.000e+40  8.000e+40  1.000e+41  9.000e+40
  5.000e+40  7.000e+40  9.000e+40  1.000e+41

x:
  1.000e+00  1.589e-13  1.000e+00 -5.416e-14

./a.out : Task = 9 Res1 = 7.561281e-15 Res2 = 5.598094e-13 T1 = 0.00 T2 = 0.00 S = 0 N = 4 M = 3 P = 1
============================== a.out b.txt =========================
### Run  ./a.out 4 3 4 0 ./b.txt
./a.out : Task = 9 Res1 = -1.000000e+00 Res2 = -1.000000e+00 T1 = 0.05 T2 = 0.00 S = 0 N = 4 M = 3 P = 1
============================== a.out c.txt =========================
### Run  ./a.out 6 3 6 0 ./c.txt
A:
  1.000e+00  2.000e+00  3.000e+00  0.000e+00  1.000e+00  2.000e+00
  2.000e+00  4.000e+00  5.000e+00 -1.000e+00  0.000e+00  3.000e+00
  3.000e+00  5.000e+00  6.000e+00 -2.000e+00 -3.000e+00  0.000e+00
  0.000e+00 -1.000e+00 -2.000e+00  1.000e+00  2.000e+00  3.000e+00
  1.000e+00  0.000e+00 -3.000e+00  2.000e+00  4.000e+00  5.000e+00
  2.000e+00  3.000e+00  0.000e+00  3.000e+00  5.000e+00  6.000e+00

x:
  1.000e+00  7.105e-15  1.000e+00  1.066e-14  1.000e+00  8.882e-16

./a.out : Task = 9 Res1 = 7.105427e-15 Res2 = 3.641532e-14 T1 = 0.00 T2 = 0.00 S = 0 N = 6 M = 3 P = 1
============================== a.out d.txt =========================
### Run  ./a.out 6 3 6 0 ./d.txt
A:
  1.000e+00  2.000e+00  3.000e+00  0.000e+00  1.000e+00  4.000e+00
  2.000e+00  4.000e+00  5.000e+00 -1.000e+00  0.000e+00  4.000e+00
  3.000e+00  5.000e+00  6.000e+00 -2.000e+00 -3.000e+00  1.000e+00
  0.000e+00 -1.000e+00 -2.000e+00  1.000e+00  2.000e+00  1.000e+00
  1.000e+00  0.000e+00 -3.000e+00  2.000e+00  4.000e+00  3.000e+00
  4.000e+00  4.000e+00  1.000e+00  1.000e+00  3.000e+00  8.000e+00

x:
  1.000e+00  6.217e-15  1.000e+00  5.329e-15  1.000e+00  1.776e-15

./a.out : Task = 9 Res1 = 1.048051e-14 Res2 = 2.575717e-14 T1 = 0.00 T2 = 0.00 S = 0 N = 6 M = 3 P = 1
============================== a.out e.txt =========================
### Run  ./a.out 6 3 6 0 ./e.txt
A:
  3.000e+00  2.000e+00  3.000e+00  0.000e+00  1.000e+00  2.000e+00
  2.000e+00  6.000e+00  5.000e+00 -1.000e+00  0.000e+00  3.000e+00
  3.000e+00  5.000e+00  8.000e+00 -2.000e+00 -3.000e+00  0.000e+00
  0.000e+00 -1.000e+00 -2.000e+00  3.000e+00  2.000e+00  3.000e+00
  1.000e+00  0.000e+00 -3.000e+00  2.000e+00  6.000e+00  5.000e+00
  2.000e+00  3.000e+00  0.000e+00  3.000e+00  5.000e+00  8.000e+00

x:
  1.000e+00 -8.882e-16  1.000e+00 -1.110e-15  1.000e+00  1.332e-15

./a.out : Task = 9 Res1 = 4.123686e-16 Res2 = 5.329071e-15 T1 = 0.00 T2 = 0.00 S = 0 N = 6 M = 3 P = 1
============================== a.out f.txt =========================
### Run  ./a.out 4 3 4 0 ./f.txt
A:
  6.000e+00 -3.000e+00  4.000e+00  1.000e+00
  4.000e+00  2.000e+00  4.000e+00  0.000e+00
  4.000e+00 -2.000e+00  3.000e+00  1.000e+00
  4.000e+00  2.000e+00  3.000e+00  1.000e+00

x:
  1.000e+00  3.109e-15  1.000e+00  4.441e-15

./a.out : Task = 9 Res1 = 4.263256e-15 Res2 = 1.887379e-14 T1 = 0.00 T2 = 0.00 S = 0 N = 4 M = 3 P = 1
============================== a.out n=3 m=3 s=1 ====================
### Run  ./a.out 3 3 4 1
A:
  3.000e+00  2.000e+00  1.000e+00
  2.000e+00  2.000e+00  1.000e+00
  1.000e+00  1.000e+00  1.000e+00

x:
  1.000e+00  0.000e+00  1.000e+00

./a.out : Task = 9 Res1 = 0.000000e+00 Res2 = 0.000000e+00 T1 = 0.00 T2 = 0.00 S = 1 N = 3 M = 3 P = 1
============================== a.out n=4 m=3 s=1 ====================
### Run  ./a.out 4 3 4 1
A:
  4.000e+00  3.000e+00  2.000e+00  1.000e+00
  3.000e+00  3.000e+00  2.000e+00  1.000e+00
  2.000e+00  2.000e+00  2.000e+00  1.000e+00
  1.000e+00  1.000e+00  1.000e+00  1.000e+00

x:
  1.000e+00 -8.882e-16  1.000e+00  8.882e-16

./a.out : Task = 9 Res1 = 4.440892e-16 Res2 = 2.664535e-15 T1 = 0.00 T2 = 0.00 S = 1 N = 4 M = 3 P = 1
============================== a.out n=5 m=3 s=1 ====================
### Run  ./a.out 5 3 4 1
A:
  5.000e+00  4.000e+00  3.000e+00  2.000e+00
  4.000e+00  4.000e+00  3.000e+00  2.000e+00
  3.000e+00  3.000e+00  3.000e+00  2.000e+00
  2.000e+00  2.000e+00  2.000e+00  2.000e+00

x:
  1.000e+00  2.331e-15  1.000e+00 -5.662e-15

./a.out : Task = 9 Res1 = 2.171103e-15 Res2 = 1.354472e-14 T1 = 0.00 T2 = 0.00 S = 1 N = 5 M = 3 P = 1
============================== a.out n=6 m=3 s=1 ====================
### Run  ./a.out 6 3 4 1
A:
  6.000e+00  5.000e+00  4.000e+00  3.000e+00
  5.000e+00  5.000e+00  4.000e+00  3.000e+00
  4.000e+00  4.000e+00  4.000e+00  3.000e+00
  3.000e+00  3.000e+00  3.000e+00  3.000e+00

x:
  1.000e+00 -1.554e-15  1.000e+00  2.220e-16

./a.out : Task = 9 Res1 = 0.000000e+00 Res2 = 5.107026e-15 T1 = 0.00 T2 = 0.00 S = 1 N = 6 M = 3 P = 1
============================== a.out n=6 m=6 s=1 ====================
### Run  ./a.out 6 6 4 1
A:
  6.000e+00  5.000e+00  4.000e+00  3.000e+00
  5.000e+00  5.000e+00  4.000e+00  3.000e+00
  4.000e+00  4.000e+00  4.000e+00  3.000e+00
  3.000e+00  3.000e+00  3.000e+00  3.000e+00

x:
  1.000e+00 -2.132e-15  1.000e+00 -1.776e-15

./a.out : Task = 9 Res1 = 9.992007e-16 Res2 = 7.460699e-15 T1 = 0.00 T2 = 0.00 S = 1 N = 6 M = 6 P = 1
============================== a.out n=7 m=3 s=1 ====================
### Run  ./a.out 7 3 4 1
A:
  7.000e+00  6.000e+00  5.000e+00  4.000e+00
  6.000e+00  6.000e+00  5.000e+00  4.000e+00
  5.000e+00  5.000e+00  5.000e+00  4.000e+00
  4.000e+00  4.000e+00  4.000e+00  4.000e+00

x:
  1.000e+00 -1.110e-15  1.000e+00  1.190e-14

./a.out : Task = 9 Res1 = 3.580469e-15 Res2 = 2.500222e-14 T1 = 0.00 T2 = 0.00 S = 1 N = 7 M = 3 P = 1
============================== a.out n=7 m=6 s=1 ====================
### Run  ./a.out 7 6 4 1
A:
  7.000e+00  6.000e+00  5.000e+00  4.000e+00
  6.000e+00  6.000e+00  5.000e+00  4.000e+00
  5.000e+00  5.000e+00  5.000e+00  4.000e+00
  4.000e+00  4.000e+00  4.000e+00  4.000e+00

x:
  1.000e+00 -6.661e-16  1.000e+00 -3.109e-15

./a.out : Task = 9 Res1 = 1.221245e-15 Res2 = 2.153833e-14 T1 = 0.00 T2 = 0.00 S = 1 N = 7 M = 6 P = 1
============================== a.out n=8 m=3 s=1 ====================
### Run  ./a.out 8 3 4 1
A:
  8.000e+00  7.000e+00  6.000e+00  5.000e+00
  7.000e+00  7.000e+00  6.000e+00  5.000e+00
  6.000e+00  6.000e+00  6.000e+00  5.000e+00
  5.000e+00  5.000e+00  5.000e+00  5.000e+00

x:
  1.000e+00 -2.220e-15  1.000e+00  1.321e-14

./a.out : Task = 9 Res1 = 1.842970e-15 Res2 = 3.697043e-14 T1 = 0.00 T2 = 0.00 S = 1 N = 8 M = 3 P = 1
============================== a.out n=8 m=6 s=1 ====================
### Run  ./a.out 8 6 4 1
A:
  8.000e+00  7.000e+00  6.000e+00  5.000e+00
  7.000e+00  7.000e+00  6.000e+00  5.000e+00
  6.000e+00  6.000e+00  6.000e+00  5.000e+00
  5.000e+00  5.000e+00  5.000e+00  5.000e+00

x:
  1.000e+00 -2.538e-15  1.000e+00  7.661e-15

./a.out : Task = 9 Res1 = 3.375078e-15 Res2 = 2.940505e-14 T1 = 0.00 T2 = 0.00 S = 1 N = 8 M = 6 P = 1
============================== a.out n=9 m=3 s=1 ====================
### Run  ./a.out 9 3 4 1
A:
  9.000e+00  8.000e+00  7.000e+00  6.000e+00
  8.000e+00  8.000e+00  7.000e+00  6.000e+00
  7.000e+00  7.000e+00  7.000e+00  6.000e+00
  6.000e+00  6.000e+00  6.000e+00  6.000e+00

x:
  1.000e+00 -5.773e-15  1.000e+00  2.891e-14

./a.out : Task = 9 Res1 = 3.552714e-15 Res2 = 6.954754e-14 T1 = 0.00 T2 = 0.00 S = 1 N = 9 M = 3 P = 1
============================== a.out n=9 m=6 s=1 ====================
### Run  ./a.out 9 6 4 1
A:
  9.000e+00  8.000e+00  7.000e+00  6.000e+00
  8.000e+00  8.000e+00  7.000e+00  6.000e+00
  7.000e+00  7.000e+00  7.000e+00  6.000e+00
  6.000e+00  6.000e+00  6.000e+00  6.000e+00

x:
  1.000e+00  2.484e-15  1.000e+00 -1.088e-14

./a.out : Task = 9 Res1 = 8.846257e-15 Res2 = 5.888345e-14 T1 = 0.00 T2 = 0.00 S = 1 N = 9 M = 6 P = 1
============================== a.out n=9 m=9 s=1 ====================
### Run  ./a.out 9 9 4 1
A:
  9.000e+00  8.000e+00  7.000e+00  6.000e+00
  8.000e+00  8.000e+00  7.000e+00  6.000e+00
  7.000e+00  7.000e+00  7.000e+00  6.000e+00
  6.000e+00  6.000e+00  6.000e+00  6.000e+00

x:
  1.000e+00 -1.145e-15  1.000e+00  8.290e-15

./a.out : Task = 9 Res1 = 3.481659e-15 Res2 = 2.730917e-14 T1 = 0.00 T2 = 0.00 S = 1 N = 9 M = 9 P = 1
============================== a.out n=10 m=3 s=1 ====================
### Run  ./a.out 10 3 4 1
A:
  1.000e+01  9.000e+00  8.000e+00  7.000e+00
  9.000e+00  9.000e+00  8.000e+00  7.000e+00
  8.000e+00  8.000e+00  8.000e+00  7.000e+00
  7.000e+00  7.000e+00  7.000e+00  7.000e+00

x:
  1.000e+00  3.553e-15  1.000e+00 -5.773e-15

./a.out : Task = 9 Res1 = 0.000000e+00 Res2 = 2.042810e-14 T1 = 0.00 T2 = 0.00 S = 1 N = 10 M = 3 P = 1
============================== a.out n=10 m=6 s=1 ====================
### Run  ./a.out 10 6 4 1
A:
  1.000e+01  9.000e+00  8.000e+00  7.000e+00
  9.000e+00  9.000e+00  8.000e+00  7.000e+00
  8.000e+00  8.000e+00  8.000e+00  7.000e+00
  7.000e+00  7.000e+00  7.000e+00  7.000e+00

x:
  1.000e+00  1.813e-15  1.000e+00  8.438e-15

./a.out : Task = 9 Res1 = 3.878379e-15 Res2 = 6.731652e-14 T1 = 0.00 T2 = 0.00 S = 1 N = 10 M = 6 P = 1
============================== a.out n=10 m=9 s=1 ====================
### Run  ./a.out 10 9 4 1
A:
  1.000e+01  9.000e+00  8.000e+00  7.000e+00
  9.000e+00  9.000e+00  8.000e+00  7.000e+00
  8.000e+00  8.000e+00  8.000e+00  7.000e+00
  7.000e+00  7.000e+00  7.000e+00  7.000e+00

x:
  1.000e+00  5.674e-16  1.000e+00 -4.790e-15

./a.out : Task = 9 Res1 = 4.322468e-15 Res2 = 5.509526e-14 T1 = 0.00 T2 = 0.00 S = 1 N = 10 M = 9 P = 1
============================== a.out n=11 m=3 s=1 ====================
### Run  ./a.out 11 3 4 1
A:
  1.100e+01  1.000e+01  9.000e+00  8.000e+00
  1.000e+01  1.000e+01  9.000e+00  8.000e+00
  9.000e+00  9.000e+00  9.000e+00  8.000e+00
  8.000e+00  8.000e+00  8.000e+00  8.000e+00

x:
  1.000e+00 -3.331e-15  1.000e+00  6.400e-14

./a.out : Task = 9 Res1 = 5.773160e-15 Res2 = 1.370015e-13 T1 = 0.00 T2 = 0.00 S = 1 N = 11 M = 3 P = 1
============================== a.out n=11 m=6 s=1 ====================
### Run  ./a.out 11 6 4 1
A:
  1.100e+01  1.000e+01  9.000e+00  8.000e+00
  1.000e+01  1.000e+01  9.000e+00  8.000e+00
  9.000e+00  9.000e+00  9.000e+00  8.000e+00
  8.000e+00  8.000e+00  8.000e+00  8.000e+00

x:
  1.000e+00 -7.827e-15  1.000e+00 -9.992e-15

./a.out : Task = 9 Res1 = 2.358607e-14 Res2 = 2.091105e-13 T1 = 0.00 T2 = 0.00 S = 1 N = 11 M = 6 P = 1
============================== a.out n=11 m=9 s=1 ====================
### Run  ./a.out 11 9 4 1
A:
  1.100e+01  1.000e+01  9.000e+00  8.000e+00
  1.000e+01  1.000e+01  9.000e+00  8.000e+00
  9.000e+00  9.000e+00  9.000e+00  8.000e+00
  8.000e+00  8.000e+00  8.000e+00  8.000e+00

x:
  1.000e+00  1.200e-14  1.000e+00 -1.250e-14

./a.out : Task = 9 Res1 = 1.963861e-14 Res2 = 1.431327e-13 T1 = 0.00 T2 = 0.00 S = 1 N = 11 M = 9 P = 1
============================== a.out n=12 m=3 s=1 ====================
### Run  ./a.out 12 3 4 1
A:
  1.200e+01  1.100e+01  1.000e+01  9.000e+00
  1.100e+01  1.100e+01  1.000e+01  9.000e+00
  1.000e+01  1.000e+01  1.000e+01  9.000e+00
  9.000e+00  9.000e+00  9.000e+00  9.000e+00

x:
  1.000e+00  0.000e+00  1.000e+00  2.619e-14

./a.out : Task = 9 Res1 = 2.114711e-15 Res2 = 6.427081e-14 T1 = 0.00 T2 = 0.00 S = 1 N = 12 M = 3 P = 1
============================== a.out n=12 m=6 s=1 ====================
### Run  ./a.out 12 6 4 1
A:
  1.200e+01  1.100e+01  1.000e+01  9.000e+00
  1.100e+01  1.100e+01  1.000e+01  9.000e+00
  1.000e+01  1.000e+01  1.000e+01  9.000e+00
  9.000e+00  9.000e+00  9.000e+00  9.000e+00

x:
  1.000e+00 -1.172e-14  1.000e+00 -7.661e-15

./a.out : Task = 9 Res1 = 1.844028e-14 Res2 = 2.601509e-13 T1 = 0.00 T2 = 0.00 S = 1 N = 12 M = 6 P = 1
============================== a.out n=12 m=9 s=1 ====================
### Run  ./a.out 12 9 4 1
A:
  1.200e+01  1.100e+01  1.000e+01  9.000e+00
  1.100e+01  1.100e+01  1.000e+01  9.000e+00
  1.000e+01  1.000e+01  1.000e+01  9.000e+00
  9.000e+00  9.000e+00  9.000e+00  9.000e+00

x:
  1.000e+00 -2.244e-14  1.000e+00 -1.602e-14

./a.out : Task = 9 Res1 = 4.068703e-14 Res2 = 2.490384e-13 T1 = 0.00 T2 = 0.00 S = 1 N = 12 M = 9 P = 1
============================== a.out n=12 m=12 s=1 ====================
### Run  ./a.out 12 12 4 1
A:
  1.200e+01  1.100e+01  1.000e+01  9.000e+00
  1.100e+01  1.100e+01  1.000e+01  9.000e+00
  1.000e+01  1.000e+01  1.000e+01  9.000e+00
  9.000e+00  9.000e+00  9.000e+00  9.000e+00

x:
  1.000e+00 -2.176e-14  1.000e+00 -2.306e-14

./a.out : Task = 9 Res1 = 4.988602e-14 Res2 = 1.083713e-13 T1 = 0.00 T2 = 0.00 S = 1 N = 12 M = 12 P = 1
============================== a.out n=13 m=3 s=1 ====================
### Run  ./a.out 13 3 4 1
A:
  1.300e+01  1.200e+01  1.100e+01  1.000e+01
  1.200e+01  1.200e+01  1.100e+01  1.000e+01
  1.100e+01  1.100e+01  1.100e+01  1.000e+01
  1.000e+01  1.000e+01  1.000e+01  1.000e+01

x:
  1.000e+00 -2.331e-15  1.000e+00  1.146e-13

./a.out : Task = 9 Res1 = 7.250436e-15 Res2 = 2.385032e-13 T1 = 0.00 T2 = 0.00 S = 1 N = 13 M = 3 P = 1
============================== a.out n=13 m=6 s=1 ====================
### Run  ./a.out 13 6 4 1
A:
  1.300e+01  1.200e+01  1.100e+01  1.000e+01
  1.200e+01  1.200e+01  1.100e+01  1.000e+01
  1.100e+01  1.100e+01  1.100e+01  1.000e+01
  1.000e+01  1.000e+01  1.000e+01  1.000e+01

x:
  1.000e+00  5.634e-15  1.000e+00  7.550e-15

./a.out : Task = 9 Res1 = 1.576970e-15 Res2 = 6.353945e-14 T1 = 0.00 T2 = 0.00 S = 1 N = 13 M = 6 P = 1
============================== a.out n=13 m=9 s=1 ====================
### Run  ./a.out 13 9 4 1
A:
  1.300e+01  1.200e+01  1.100e+01  1.000e+01
  1.200e+01  1.200e+01  1.100e+01  1.000e+01
  1.100e+01  1.100e+01  1.100e+01  1.000e+01
  1.000e+01  1.000e+01  1.000e+01  1.000e+01

x:
  1.000e+00  3.294e-15  1.000e+00  7.694e-15

./a.out : Task = 9 Res1 = 1.812609e-15 Res2 = 5.848285e-14 T1 = 0.00 T2 = 0.00 S = 1 N = 13 M = 9 P = 1
============================== a.out n=13 m=12 s=1 ====================
### Run  ./a.out 13 12 4 1
A:
  1.300e+01  1.200e+01  1.100e+01  1.000e+01
  1.200e+01  1.200e+01  1.100e+01  1.000e+01
  1.100e+01  1.100e+01  1.100e+01  1.000e+01
  1.000e+01  1.000e+01  1.000e+01  1.000e+01

x:
  1.000e+00 -2.267e-15  1.000e+00  8.449e-15

./a.out : Task = 9 Res1 = 2.247635e-14 Res2 = 1.288849e-13 T1 = 0.00 T2 = 0.00 S = 1 N = 13 M = 12 P = 1
============================== a.out n=14 m=3 s=1 ====================
### Run  ./a.out 14 3 4 1
A:
  1.400e+01  1.300e+01  1.200e+01  1.100e+01
  1.300e+01  1.300e+01  1.200e+01  1.100e+01
  1.200e+01  1.200e+01  1.200e+01  1.100e+01
  1.100e+01  1.100e+01  1.100e+01  1.100e+01

x:
  1.000e+00  4.441e-15  1.000e+00  2.520e-14

./a.out : Task = 9 Res1 = 1.633614e-15 Res2 = 1.010303e-13 T1 = 0.00 T2 = 0.00 S = 1 N = 14 M = 3 P = 1
============================== a.out n=14 m=6 s=1 ====================
### Run  ./a.out 14 6 4 1
A:
  1.400e+01  1.300e+01  1.200e+01  1.100e+01
  1.300e+01  1.300e+01  1.200e+01  1.100e+01
  1.200e+01  1.200e+01  1.200e+01  1.100e+01
  1.100e+01  1.100e+01  1.100e+01  1.100e+01

x:
  1.000e+00  6.704e-15  1.000e+00  5.107e-15

./a.out : Task = 9 Res1 = 1.000787e-14 Res2 = 1.891295e-13 T1 = 0.00 T2 = 0.00 S = 1 N = 14 M = 6 P = 1
============================== a.out n=14 m=9 s=1 ====================
### Run  ./a.out 14 9 4 1
A:
  1.400e+01  1.300e+01  1.200e+01  1.100e+01
  1.300e+01  1.300e+01  1.200e+01  1.100e+01
  1.200e+01  1.200e+01  1.200e+01  1.100e+01
  1.100e+01  1.100e+01  1.100e+01  1.100e+01

x:
  1.000e+00  1.419e-14  1.000e+00  1.384e-14

./a.out : Task = 9 Res1 = 1.394123e-14 Res2 = 2.334299e-13 T1 = 0.00 T2 = 0.00 S = 1 N = 14 M = 9 P = 1
============================== a.out n=14 m=12 s=1 ====================
### Run  ./a.out 14 12 4 1
A:
  1.400e+01  1.300e+01  1.200e+01  1.100e+01
  1.300e+01  1.300e+01  1.200e+01  1.100e+01
  1.200e+01  1.200e+01  1.200e+01  1.100e+01
  1.100e+01  1.100e+01  1.100e+01  1.100e+01

x:
  1.000e+00  3.221e-14  1.000e+00  2.453e-15

./a.out : Task = 9 Res1 = 1.375091e-14 Res2 = 2.348580e-13 T1 = 0.00 T2 = 0.00 S = 1 N = 14 M = 12 P = 1
============================== a.out n=15 m=3 s=1 ====================
### Run  ./a.out 15 3 4 1
A:
  1.500e+01  1.400e+01  1.300e+01  1.200e+01
  1.400e+01  1.400e+01  1.300e+01  1.200e+01
  1.300e+01  1.300e+01  1.300e+01  1.200e+01
  1.200e+01  1.200e+01  1.200e+01  1.200e+01

x:
  1.000e+00 -1.006e-29  1.000e+00  5.366e-14

./a.out : Task = 9 Res1 = 3.871903e-15 Res2 = 1.288734e-13 T1 = 0.00 T2 = 0.00 S = 1 N = 15 M = 3 P = 1
============================== a.out n=15 m=6 s=1 ====================
### Run  ./a.out 15 6 4 1
A:
  1.500e+01  1.400e+01  1.300e+01  1.200e+01
  1.400e+01  1.400e+01  1.300e+01  1.200e+01
  1.300e+01  1.300e+01  1.300e+01  1.200e+01
  1.200e+01  1.200e+01  1.200e+01  1.200e+01

x:
  1.000e+00  7.335e-15  1.000e+00 -7.327e-15

./a.out : Task = 9 Res1 = 3.996803e-15 Res2 = 1.122001e-13 T1 = 0.00 T2 = 0.00 S = 1 N = 15 M = 6 P = 1
============================== a.out n=15 m=9 s=1 ====================
### Run  ./a.out 15 9 4 1
A:
  1.500e+01  1.400e+01  1.300e+01  1.200e+01
  1.400e+01  1.400e+01  1.300e+01  1.200e+01
  1.300e+01  1.300e+01  1.300e+01  1.200e+01
  1.200e+01  1.200e+01  1.200e+01  1.200e+01

x:
  1.000e+00  1.033e-14  1.000e+00  9.104e-15

./a.out : Task = 9 Res1 = 1.945666e-14 Res2 = 2.584150e-13 T1 = 0.00 T2 = 0.00 S = 1 N = 15 M = 9 P = 1
============================== a.out n=15 m=12 s=1 ====================
### Run  ./a.out 15 12 4 1
A:
  1.500e+01  1.400e+01  1.300e+01  1.200e+01
  1.400e+01  1.400e+01  1.300e+01  1.200e+01
  1.300e+01  1.300e+01  1.300e+01  1.200e+01
  1.200e+01  1.200e+01  1.200e+01  1.200e+01

x:
  1.000e+00 -4.236e-14  1.000e+00 -7.753e-15

./a.out : Task = 9 Res1 = 1.790235e-14 Res2 = 3.328509e-13 T1 = 0.00 T2 = 0.00 S = 1 N = 15 M = 12 P = 1
============================== a.out n=15 m=15 s=1 ====================
### Run  ./a.out 15 15 4 1
A:
  1.500e+01  1.400e+01  1.300e+01  1.200e+01
  1.400e+01  1.400e+01  1.300e+01  1.200e+01
  1.300e+01  1.300e+01  1.300e+01  1.200e+01
  1.200e+01  1.200e+01  1.200e+01  1.200e+01

x:
  1.000e+00 -2.265e-14  1.000e+00 -1.839e-14

./a.out : Task = 9 Res1 = 4.521383e-14 Res2 = 1.834531e-13 T1 = 0.00 T2 = 0.00 S = 1 N = 15 M = 15 P = 1
============================== a.out n=16 m=3 s=1 ====================
### Run  ./a.out 16 3 4 1
A:
  1.600e+01  1.500e+01  1.400e+01  1.300e+01
  1.500e+01  1.500e+01  1.400e+01  1.300e+01
  1.400e+01  1.400e+01  1.400e+01  1.300e+01
  1.300e+01  1.300e+01  1.300e+01  1.300e+01

x:
  1.000e+00  0.000e+00  1.000e+00 -6.106e-15

./a.out : Task = 9 Res1 = 4.934325e-16 Res2 = 2.742251e-14 T1 = 0.00 T2 = 0.00 S = 1 N = 16 M = 3 P = 1
============================== a.out n=16 m=6 s=1 ====================
### Run  ./a.out 16 6 4 1
A:
  1.600e+01  1.500e+01  1.400e+01  1.300e+01
  1.500e+01  1.500e+01  1.400e+01  1.300e+01
  1.400e+01  1.400e+01  1.400e+01  1.300e+01
  1.300e+01  1.300e+01  1.300e+01  1.300e+01

x:
  1.000e+00  3.109e-16  1.000e+00 -1.532e-14

./a.out : Task = 9 Res1 = 5.218048e-15 Res2 = 1.605968e-13 T1 = 0.00 T2 = 0.00 S = 1 N = 16 M = 6 P = 1
============================== a.out n=16 m=9 s=1 ====================
### Run  ./a.out 16 9 4 1
A:
  1.600e+01  1.500e+01  1.400e+01  1.300e+01
  1.500e+01  1.500e+01  1.400e+01  1.300e+01
  1.400e+01  1.400e+01  1.400e+01  1.300e+01
  1.300e+01  1.300e+01  1.300e+01  1.300e+01

x:
  1.000e+00 -7.957e-15  1.000e+00  1.102e-14

./a.out : Task = 9 Res1 = 5.464764e-15 Res2 = 1.798277e-13 T1 = 0.00 T2 = 0.00 S = 1 N = 16 M = 9 P = 1
============================== a.out n=16 m=12 s=1 ====================
### Run  ./a.out 16 12 4 1
A:
  1.600e+01  1.500e+01  1.400e+01  1.300e+01
  1.500e+01  1.500e+01  1.400e+01  1.300e+01
  1.400e+01  1.400e+01  1.400e+01  1.300e+01
  1.300e+01  1.300e+01  1.300e+01  1.300e+01

x:
  1.000e+00  7.934e-15  1.000e+00  2.179e-14

./a.out : Task = 9 Res1 = 4.736952e-15 Res2 = 3.273461e-13 T1 = 0.00 T2 = 0.00 S = 1 N = 16 M = 12 P = 1
============================== a.out n=16 m=15 s=1 ====================
### Run  ./a.out 16 15 4 1
A:
  1.600e+01  1.500e+01  1.400e+01  1.300e+01
  1.500e+01  1.500e+01  1.400e+01  1.300e+01
  1.400e+01  1.400e+01  1.400e+01  1.300e+01
  1.300e+01  1.300e+01  1.300e+01  1.300e+01

x:
  1.000e+00  4.485e-15  1.000e+00  1.433e-14

./a.out : Task = 9 Res1 = 7.697546e-15 Res2 = 2.929633e-13 T1 = 0.00 T2 = 0.00 S = 1 N = 16 M = 15 P = 1
============================== a.out n=17 m=3 s=1 ====================
### Run  ./a.out 17 3 4 1
A:
  1.700e+01  1.600e+01  1.500e+01  1.400e+01
  1.600e+01  1.600e+01  1.500e+01  1.400e+01
  1.500e+01  1.500e+01  1.500e+01  1.400e+01
  1.400e+01  1.400e+01  1.400e+01  1.400e+01

x:
  1.000e+00  0.000e+00  1.000e+00 -3.883e-14

./a.out : Task = 9 Res1 = 2.850943e-15 Res2 = 1.191639e-13 T1 = 0.00 T2 = 0.00 S = 1 N = 17 M = 3 P = 1
============================== a.out n=17 m=6 s=1 ====================
### Run  ./a.out 17 6 4 1
A:
  1.700e+01  1.600e+01  1.500e+01  1.400e+01
  1.600e+01  1.600e+01  1.500e+01  1.400e+01
  1.500e+01  1.500e+01  1.500e+01  1.400e+01
  1.400e+01  1.400e+01  1.400e+01  1.400e+01

x:
  1.000e+00  2.741e-15  1.000e+00 -1.088e-14

./a.out : Task = 9 Res1 = 1.078972e-14 Res2 = 3.381392e-13 T1 = 0.00 T2 = 0.00 S = 1 N = 17 M = 6 P = 1
============================== a.out n=17 m=9 s=1 ====================
### Run  ./a.out 17 9 4 1
A:
  1.700e+01  1.600e+01  1.500e+01  1.400e+01
  1.600e+01  1.600e+01  1.500e+01  1.400e+01
  1.500e+01  1.500e+01  1.500e+01  1.400e+01
  1.400e+01  1.400e+01  1.400e+01  1.400e+01

x:
  1.000e+00 -3.497e-15  1.000e+00  4.203e-15

./a.out : Task = 9 Res1 = 2.912348e-14 Res2 = 5.284421e-13 T1 = 0.00 T2 = 0.00 S = 1 N = 17 M = 9 P = 1
